To honour the JVM settings for this build a single-use Daemon process will be forked. For more on this, please refer to https://docs.gradle.org/9.4.1/userguide/gradle_daemon.html#sec:disabling_the_daemon in the Gradle documentation.
Daemon will be stopped at the end of the build 
Reusing configuration cache.
> Task :app:preBuild UP-TO-DATE
> Task :app:preDebugBuild UP-TO-DATE
> Task :app:generateDebugResources UP-TO-DATE
> Task :app:packageDebugResources UP-TO-DATE
> Task :app:processDebugNavigationResources UP-TO-DATE
> Task :app:parseDebugLocalResources UP-TO-DATE
> Task :app:generateDebugRFile UP-TO-DATE

> Task :app:compileDebugKotlin FAILED
e: file:///C:/Users/Quacky/Documents/Coding/Android%20Studio/Projects/AlgoLens/app/src/main/java/com/example/algolens/ui/visualizer/AlgorithmTheorySheet.kt:468:18 Unresolved reference 'remember'.
e: file:///C:/Users/Quacky/Documents/Coding/Android%20Studio/Projects/AlgoLens/app/src/main/java/com/example/algolens/ui/visualizer/AlgorithmTheorySheet.kt:610:25 Unresolved reference 'ComplexityPill'.
e: file:///C:/Users/Quacky/Documents/Coding/Android%20Studio/Projects/AlgoLens/app/src/main/java/com/example/algolens/ui/visualizer/AlgorithmTheorySheet.kt:611:25 Unresolved reference 'ComplexityPill'.
e: file:///C:/Users/Quacky/Documents/Coding/Android%20Studio/Projects/AlgoLens/app/src/main/java/com/example/algolens/ui/visualizer/AlgorithmTheorySheet.kt:612:25 Unresolved reference 'ComplexityPill'.
e: file:///C:/Users/Quacky/Documents/Coding/Android%20Studio/Projects/AlgoLens/app/src/main/java/com/example/algolens/ui/visualizer/AlgorithmTheorySheet.kt:619:25 Unresolved reference 'ComplexityPill'.
e: file:///C:/Users/Quacky/Documents/Coding/Android%20Studio/Projects/AlgoLens/app/src/main/java/com/example/algolens/ui/visualizer/AlgorithmTheorySheet.kt:620:25 Unresolved reference 'ComplexityPill'.
e: file:///C:/Users/Quacky/Documents/Coding/Android%20Studio/Projects/AlgoLens/app/src/main/java/com/example/algolens/ui/visualizer/AlgorithmTheorySheet.kt:621:25 Unresolved reference 'ComplexityPill'.
e: file:///C:/Users/Quacky/Documents/Coding/Android%20Studio/Projects/AlgoLens/app/src/main/java/com/example/algolens/ui/visualizer/AlgorithmTheorySheet.kt:637:52 Cannot infer type for this parameter. Specify it explicitly.
e: file:///C:/Users/Quacky/Documents/Coding/Android%20Studio/Projects/AlgoLens/app/src/main/java/com/example/algolens/ui/visualizer/AlgorithmTheorySheet.kt:637:59 Cannot infer type for this parameter. Specify it explicitly.
e: file:///C:/Users/Quacky/Documents/Coding/Android%20Studio/Projects/AlgoLens/app/src/main/java/com/example/algolens/ui/visualizer/AlgorithmTheorySheet.kt:638:21 @Composable invocations can only happen from the context of a @Composable function
e: file:///C:/Users/Quacky/Documents/Coding/Android%20Studio/Projects/AlgoLens/app/src/main/java/com/example/algolens/ui/visualizer/AlgorithmTheorySheet.kt:681:44 Cannot infer type for this parameter. Specify it explicitly.
e: file:///C:/Users/Quacky/Documents/Coding/Android%20Studio/Projects/AlgoLens/app/src/main/java/com/example/algolens/ui/visualizer/AlgorithmTheorySheet.kt:682:21 @Composable invocations can only happen from the context of a @Composable function
e: file:///C:/Users/Quacky/Documents/Coding/Android%20Studio/Projects/AlgoLens/app/src/main/java/com/example/algolens/ui/visualizer/AlgorithmTheorySheet.kt:716:49 Cannot infer type for this parameter. Specify it explicitly.
e: file:///C:/Users/Quacky/Documents/Coding/Android%20Studio/Projects/AlgoLens/app/src/main/java/com/example/algolens/ui/visualizer/AlgorithmTheorySheet.kt:717:21 @Composable invocations can only happen from the context of a @Composable function
e: file:///C:/Users/Quacky/Documents/Coding/Android%20Studio/Projects/AlgoLens/app/src/main/java/com/example/algolens/ui/visualizer/AlgorithmTheorySheet.kt:784:1 Modifier 'private' is not applicable to 'local function'.
e: file:///C:/Users/Quacky/Documents/Coding/Android%20Studio/Projects/AlgoLens/app/src/main/java/com/example/algolens/ui/visualizer/AlgorithmTheorySheet.kt:819:2 Syntax error: Expecting '}'.
e: file:///C:/Users/Quacky/Documents/Coding/Android%20Studio/Projects/AlgoLens/app/src/main/java/com/example/algolens/ui/visualizer/PlaybackRail.kt:74:23 Unresolved reference 'remember'.
e: file:///C:/Users/Quacky/Documents/Coding/Android%20Studio/Projects/AlgoLens/app/src/main/java/com/example/algolens/ui/visualizer/PlaybackRail.kt:75:29 Unresolved reference 'remember'.
e: file:///C:/Users/Quacky/Documents/Coding/Android%20Studio/Projects/AlgoLens/app/src/main/java/com/example/algolens/ui/visualizer/PlaybackRail.kt:76:27 Unresolved reference 'remember'.
e: file:///C:/Users/Quacky/Documents/Coding/Android%20Studio/Projects/AlgoLens/app/src/main/java/com/example/algolens/ui/visualizer/PlaybackRail.kt:78:24 Unresolved reference 'remember'.
e: file:///C:/Users/Quacky/Documents/Coding/Android%20Studio/Projects/AlgoLens/app/src/main/java/com/example/algolens/ui/visualizer/PlaybackRail.kt:79:27 Unresolved reference 'remember'.
e: file:///C:/Users/Quacky/Documents/Coding/Android%20Studio/Projects/AlgoLens/app/src/main/java/com/example/algolens/ui/visualizer/PlaybackRail.kt:80:26 Unresolved reference 'remember'.
e: file:///C:/Users/Quacky/Documents/Coding/Android%20Studio/Projects/AlgoLens/app/src/main/java/com/example/algolens/ui/visualizer/PlaybackRail.kt:81:24 Unresolved reference 'remember'.
e: file:///C:/Users/Quacky/Documents/Coding/Android%20Studio/Projects/AlgoLens/app/src/main/java/com/example/algolens/ui/visualizer/PlaybackRail.kt:83:27 Unresolved reference 'remember'.
e: file:///C:/Users/Quacky/Documents/Coding/Android%20Studio/Projects/AlgoLens/app/src/main/java/com/example/algolens/ui/visualizer/PlaybackRail.kt:84:27 Unresolved reference 'remember'.
e: file:///C:/Users/Quacky/Documents/Coding/Android%20Studio/Projects/AlgoLens/app/src/main/java/com/example/algolens/ui/visualizer/PlaybackRail.kt:85:26 Unresolved reference 'remember'.
e: file:///C:/Users/Quacky/Documents/Coding/Android%20Studio/Projects/AlgoLens/app/src/main/java/com/example/algolens/ui/visualizer/PlaybackRail.kt:86:24 Unresolved reference 'remember'.
e: file:///C:/Users/Quacky/Documents/Coding/Android%20Studio/Projects/AlgoLens/app/src/main/java/com/example/algolens/ui/visualizer/PlaybackRail.kt:91:26 Unresolved reference 'remember'.
e: file:///C:/Users/Quacky/Documents/Coding/Android%20Studio/Projects/AlgoLens/app/src/main/java/com/example/algolens/ui/visualizer/PlaybackRail.kt:92:24 Unresolved reference 'remember'.
e: file:///C:/Users/Quacky/Documents/Coding/Android%20Studio/Projects/AlgoLens/app/src/main/java/com/example/algolens/ui/visualizer/VisualizerHeader.kt:165:25 Unresolved reference 'remember'.
e: file:///C:/Users/Quacky/Documents/Coding/Android%20Studio/Projects/AlgoLens/app/src/main/java/com/example/algolens/ui/visualizer/VisualizerHeader.kt:168:29 Unresolved reference 'remember'.
e: file:///C:/Users/Quacky/Documents/Coding/Android%20Studio/Projects/AlgoLens/app/src/main/java/com/example/algolens/ui/visualizer/VisualizerHeader.kt:169:9 Unresolved reference 'derivedStateOf'.
e: file:///C:/Users/Quacky/Documents/Coding/Android%20Studio/Projects/AlgoLens/app/src/main/java/com/example/algolens/ui/visualizer/VisualizerHeader.kt:170:27 @Composable invocations can only happen from the context of a @Composable function
e: file:///C:/Users/Quacky/Documents/Coding/Android%20Studio/Projects/AlgoLens/app/src/main/java/com/example/algolens/ui/visualizer/VisualizerHeader.kt:185:25 Unresolved reference 'remember'.
e: file:///C:/Users/Quacky/Documents/Coding/Android%20Studio/Projects/AlgoLens/app/src/main/java/com/example/algolens/ui/visualizer/VisualizerHeader.kt:186:13 Unresolved reference 'derivedStateOf'.
e: file:///C:/Users/Quacky/Documents/Coding/Android%20Studio/Projects/AlgoLens/app/src/main/java/com/example/algolens/ui/visualizer/VisualizerHeader.kt:190:31 Unresolved reference 'remember'.
e: file:///C:/Users/Quacky/Documents/Coding/Android%20Studio/Projects/AlgoLens/app/src/main/java/com/example/algolens/ui/visualizer/VisualizerHeader.kt:191:13 Unresolved reference 'derivedStateOf'.
e: file:///C:/Users/Quacky/Documents/Coding/Android%20Studio/Projects/AlgoLens/app/src/main/java/com/example/algolens/ui/visualizer/VisualizerHeader.kt:195:29 Unresolved reference 'remember'.
e: file:///C:/Users/Quacky/Documents/Coding/Android%20Studio/Projects/AlgoLens/app/src/main/java/com/example/algolens/ui/visualizer/VisualizerHeader.kt:196:13 Unresolved reference 'derivedStateOf'.
e: file:///C:/Users/Quacky/Documents/Coding/Android%20Studio/Projects/AlgoLens/app/src/main/java/com/example/algolens/ui/visualizer/VisualizerHeader.kt:260:21 Unresolved reference 'remember'.
e: file:///C:/Users/Quacky/Documents/Coding/Android%20Studio/Projects/AlgoLens/app/src/main/java/com/example/algolens/ui/visualizer/VisualizerHeader.kt:263:22 Unresolved reference 'remember'.
e: file:///C:/Users/Quacky/Documents/Coding/Android%20Studio/Projects/AlgoLens/app/src/main/java/com/example/algolens/ui/visualizer/VisualizerHeader.kt:294:25 Unresolved reference 'remember'.
e: file:///C:/Users/Quacky/Documents/Coding/Android%20Studio/Projects/AlgoLens/app/src/main/java/com/example/algolens/ui/visualizer/VisualizerHeader.kt:295:13 Unresolved reference 'derivedStateOf'.
e: file:///C:/Users/Quacky/Documents/Coding/Android%20Studio/Projects/AlgoLens/app/src/main/java/com/example/algolens/ui/visualizer/VisualizerHeader.kt:297:31 Unresolved reference 'remember'.
e: file:///C:/Users/Quacky/Documents/Coding/Android%20Studio/Projects/AlgoLens/app/src/main/java/com/example/algolens/ui/visualizer/VisualizerHeader.kt:298:13 Unresolved reference 'derivedStateOf'.
e: file:///C:/Users/Quacky/Documents/Coding/Android%20Studio/Projects/AlgoLens/app/src/main/java/com/example/algolens/ui/visualizer/VisualizerHeader.kt:300:29 Unresolved reference 'remember'.
e: file:///C:/Users/Quacky/Documents/Coding/Android%20Studio/Projects/AlgoLens/app/src/main/java/com/example/algolens/ui/visualizer/VisualizerHeader.kt:301:13 Unresolved reference 'derivedStateOf'.
e: file:///C:/Users/Quacky/Documents/Coding/Android%20Studio/Projects/AlgoLens/app/src/main/java/com/example/algolens/ui/visualizer/VisualizerHeader.kt:317:30 Unresolved reference 'remember'.
e: file:///C:/Users/Quacky/Documents/Coding/Android%20Studio/Projects/AlgoLens/app/src/main/java/com/example/algolens/ui/visualizer/VisualizerHeader.kt:318:17 Unresolved reference 'derivedStateOf'.
e: file:///C:/Users/Quacky/Documents/Coding/Android%20Studio/Projects/AlgoLens/app/src/main/java/com/example/algolens/ui/visualizer/VisualizerHeader.kt:320:36 Unresolved reference 'remember'.
e: file:///C:/Users/Quacky/Documents/Coding/Android%20Studio/Projects/AlgoLens/app/src/main/java/com/example/algolens/ui/visualizer/VisualizerHeader.kt:321:17 Unresolved reference 'derivedStateOf'.
e: file:///C:/Users/Quacky/Documents/Coding/Android%20Studio/Projects/AlgoLens/app/src/main/java/com/example/algolens/ui/visualizer/VisualizerHeader.kt:323:34 Unresolved reference 'remember'.
e: file:///C:/Users/Quacky/Documents/Coding/Android%20Studio/Projects/AlgoLens/app/src/main/java/com/example/algolens/ui/visualizer/VisualizerHeader.kt:324:17 Unresolved reference 'derivedStateOf'.
e: file:///C:/Users/Quacky/Documents/Coding/Android%20Studio/Projects/AlgoLens/app/src/main/java/com/example/algolens/ui/visualizer/VisualizerHeader.kt:376:30 Unresolved reference 'remember'.
e: file:///C:/Users/Quacky/Documents/Coding/Android%20Studio/Projects/AlgoLens/app/src/main/java/com/example/algolens/ui/visualizer/VisualizerHeader.kt:377:25 Unresolved reference 'remember'.
e: file:///C:/Users/Quacky/Documents/Coding/Android%20Studio/Projects/AlgoLens/app/src/main/java/com/example/algolens/ui/visualizer/VisualizerHeader.kt:378:29 Unresolved reference 'remember'.
e: file:///C:/Users/Quacky/Documents/Coding/Android%20Studio/Projects/AlgoLens/app/src/main/java/com/example/algolens/ui/visualizer/VisualizerHeader.kt:379:31 Unresolved reference 'remember'.
e: file:///C:/Users/Quacky/Documents/Coding/Android%20Studio/Projects/AlgoLens/app/src/main/java/com/example/algolens/ui/visualizer/VisualizerHeader.kt:381:30 Unresolved reference 'remember'.
e: file:///C:/Users/Quacky/Documents/Coding/Android%20Studio/Projects/AlgoLens/app/src/main/java/com/example/algolens/ui/visualizer/VisualizerHeader.kt:382:32 Unresolved reference 'remember'.
e: file:///C:/Users/Quacky/Documents/Coding/Android%20Studio/Projects/AlgoLens/app/src/main/java/com/example/algolens/ui/visualizer/VisualizerHeader.kt:383:36 Unresolved reference 'remember'.
e: file:///C:/Users/Quacky/Documents/Coding/Android%20Studio/Projects/AlgoLens/app/src/main/java/com/example/algolens/ui/visualizer/VisualizerHeader.kt:385:30 Unresolved reference 'remember'.
e: file:///C:/Users/Quacky/Documents/Coding/Android%20Studio/Projects/AlgoLens/app/src/main/java/com/example/algolens/ui/visualizer/VisualizerHeader.kt:386:32 Unresolved reference 'remember'.
e: file:///C:/Users/Quacky/Documents/Coding/Android%20Studio/Projects/AlgoLens/app/src/main/java/com/example/algolens/ui/visualizer/VisualizerHeader.kt:387:36 Unresolved reference 'remember'.
e: file:///C:/Users/Quacky/Documents/Coding/Android%20Studio/Projects/AlgoLens/app/src/main/java/com/example/algolens/ui/visualizer/VisualizerHeader.kt:389:25 Unresolved reference 'remember'.
e: file:///C:/Users/Quacky/Documents/Coding/Android%20Studio/Projects/AlgoLens/app/src/main/java/com/example/algolens/ui/visualizer/VisualizerHeader.kt:390:29 Unresolved reference 'remember'.
e: file:///C:/Users/Quacky/Documents/Coding/Android%20Studio/Projects/AlgoLens/app/src/main/java/com/example/algolens/ui/visualizer/VisualizerHeader.kt:391:26 Unresolved reference 'remember'.
w: Detected multiple Kotlin daemon sessions at 

FAILURE: Build failed with an exception.

* What went wrong:
Execution failed for task ':app:compileDebugKotlin'.
> A failure occurred while executing org.jetbrains.kotlin.compilerRunner.GradleCompilerRunnerWithWorkers$GradleKotlinCompilerWorkAction
   > Compilation error. See log for more details

* Try:
> Run with --stacktrace option to get the stack trace.
> Run with --info or --debug option to get more log output.
> Run with --scan to get full insights from a Build Scan (powered by Develocity).
> Get more help at https://help.gradle.org.

BUILD FAILED in 29s
6 actionable tasks: 1 executed, 5 up-to-date
Configuration cache entry reused.
