To honour the JVM settings for this build a single-use Daemon process will be forked. For more on this, please refer to https://docs.gradle.org/9.4.1/userguide/gradle_daemon.html#sec:disabling_the_daemon in the Gradle documentation.
Daemon will be stopped at the end of the build 
Calculating task graph as no cached configuration is available for tasks: :app:lint
> Task :app:preBuild UP-TO-DATE
> Task :lint:checkKotlinGradlePluginConfigurationErrors SKIPPED
> Task :app:preDebugBuild UP-TO-DATE
> Task :lint:processResources UP-TO-DATE
> Task :app:javaPreCompileDebug UP-TO-DATE
> Task :app:extractDeepLinksDebug UP-TO-DATE
> Task :app:mapDebugSourceSetPaths UP-TO-DATE
> Task :app:generateDebugResources UP-TO-DATE
> Task :app:createDebugCompatibleScreenManifests UP-TO-DATE
> Task :app:preDebugAndroidTestBuild SKIPPED
> Task :app:preDebugUnitTestBuild UP-TO-DATE
> Task :app:extractProguardFiles UP-TO-DATE
> Task :app:packageDebugResources UP-TO-DATE
> Task :app:checkDebugAarMetadata UP-TO-DATE
> Task :app:processDebugNavigationResources UP-TO-DATE
> Task :app:compileDebugNavigationResources UP-TO-DATE
> Task :app:parseDebugLocalResources UP-TO-DATE
> Task :app:mergeDebugResources UP-TO-DATE
> Task :app:generateDebugRFile UP-TO-DATE
> Task :lint:compileKotlin UP-TO-DATE
> Task :lint:compileJava NO-SOURCE
> Task :lint:classes UP-TO-DATE
> Task :app:processDebugMainManifest UP-TO-DATE
> Task :lint:jar UP-TO-DATE
> Task :app:processDebugManifest UP-TO-DATE
> Task :app:processDebugManifestForPackage UP-TO-DATE
> Task :app:processDebugResources UP-TO-DATE
> Task :app:compileDebugKotlin UP-TO-DATE
> Task :app:compileDebugJavaWithJavac NO-SOURCE
> Task :app:generateDebugLintReportModel
> Task :app:bundleDebugClassesToCompileJar
> Task :app:generateDebugUnitTestLintModel
> Task :app:generateDebugAndroidTestLintModel
> Task :app:lintAnalyzeDebugAndroidTest
> Task :app:lintAnalyzeDebug
> Task :app:lintAnalyzeDebugUnitTest

> Task :app:lintReportDebug
Wrote HTML report to file:///C:/Users/Quacky/Documents/Coding/Android%20Studio/Projects/AlgoLens/app/build/reports/lint-results-debug.html
Lint found 5 errors, 13 warnings (and 442 errors, 117 warnings and 2 hints filtered by baseline lint-baseline.xml)

22 errors/warnings were listed in the baseline file (C:\Users\Quacky\Documents\Coding\Android Studio\Projects\AlgoLens\app\lint-baseline.xml) but not found in the project; perhaps they have been fixed?
Lint found 5 errors and 13 warnings. First failure:
C:\Users\Quacky\Documents\Coding\Android Studio\Projects\AlgoLens\app\src\main\java\com\example\algolens\ui\visualizer\CustomizeInputSheet.kt:533: Error: RoundedCornerShape(.dp) literal: use an AlgoTokens.radius token (radiusXxs/xs/sm/md/lg/xl) instead. [AlgolensRoundedCornerShapeLiteral from com.example.algolens]
                                shape = RoundedCornerShape(8.dp)
                                        ~~~~~~~~~~~~~~~~~~~~~~~~


> Task :app:lintDebug FAILED
Lint found 5 errors, 13 warnings (and 442 errors, 117 warnings, 2 hints filtered by baseline lint-baseline.xml). First failure:

C:\Users\Quacky\Documents\Coding\Android Studio\Projects\AlgoLens\app\src\main\java\com\example\algolens\ui\visualizer\CustomizeInputSheet.kt:533: Error: RoundedCornerShape(.dp) literal: use an AlgoTokens.radius token (radiusXxs/xs/sm/md/lg/xl) instead. [AlgolensRoundedCornerShapeLiteral from com.example.algolens]
                                shape = RoundedCornerShape(8.dp)
                                        ~~~~~~~~~~~~~~~~~~~~~~~~

The full lint text report is located at:
  C:\Users\Quacky\Documents\Coding\Android Studio\Projects\AlgoLens\app\build\intermediates\lint_intermediate_text_report\debug\lintReportDebug\lint-results-debug.txt
30 actionable tasks: 9 executed, 21 up-to-date
Configuration cache entry stored.
